src/app/middleware/auth.middleware.ts(19,21): error TS2345: Argument of type '(req: AuthRequest, res: Response, next: NextFunction) => Promise<void>' is not assignable to parameter of type 'RequestHandler<ParamsDictionary, any, any, ParsedQs, Record<string, any>>'.
src/app/modules/business/business.controller.ts(11,35): error TS2345: Argument of type '(req: AuthRequest, res: Response) => Promise<void>' is not assignable to parameter of type 'RequestHandler<ParamsDictionary, any, any, ParsedQs, Record<string, any>>'.
src/app/modules/business/business.controller.ts(27,34): error TS2345: Argument of type '(req: AuthRequest, res: Response) => Promise<void>' is not assignable to parameter of type 'RequestHandler<ParamsDictionary, any, any, ParsedQs, Record<string, any>>'.
src/app/modules/business/business.controller.ts(50,35): error TS2345: Argument of type '(req: AuthRequest, res: Response) => Promise<void>' is not assignable to parameter of type 'RequestHandler<ParamsDictionary, any, any, ParsedQs, Record<string, any>>'.
src/app/modules/business/business.controller.ts(62,35): error TS2345: Argument of type '(req: AuthRequest, res: Response) => Promise<void>' is not assignable to parameter of type 'RequestHandler<ParamsDictionary, any, any, ParsedQs, Record<string, any>>'.
src/app/modules/business/business.controller.ts(74,48): error TS2345: Argument of type '(req: AuthRequest, res: Response) => Promise<void>' is not assignable to parameter of type 'RequestHandler<ParamsDictionary, any, any, ParsedQs, Record<string, any>>'.
src/app/modules/customers/customer.controller.ts(11,36): error TS2345: Argument of type '(req: AuthRequest, res: Response) => Promise<void>' is not assignable to parameter of type 'RequestHandler<ParamsDictionary, any, any, ParsedQs, Record<string, any>>'.
src/app/modules/customers/customer.controller.ts(28,36): error TS2345: Argument of type '(req: AuthRequest, res: Response) => Promise<void>' is not assignable to parameter of type 'RequestHandler<ParamsDictionary, any, any, ParsedQs, Record<string, any>>'.
src/app/modules/customers/customer.controller.ts(42,35): error TS2345: Argument of type '(req: AuthRequest, res: Response) => Promise<void>' is not assignable to parameter of type 'RequestHandler<ParamsDictionary, any, any, ParsedQs, Record<string, any>>'.
src/app/modules/customers/customer.controller.ts(55,35): error TS2345: Argument of type '(req: AuthRequest, res: Response) => Promise<void>' is not assignable to parameter of type 'RequestHandler<ParamsDictionary, any, any, ParsedQs, Record<string, any>>'.
src/app/modules/customers/customer.controller.ts(69,35): error TS2345: Argument of type '(req: AuthRequest, res: Response) => Promise<void>' is not assignable to parameter of type 'RequestHandler<ParamsDictionary, any, any, ParsedQs, Record<string, any>>'.
src/app/modules/inventory/inventory.controller.ts(17,33): error TS2345: Argument of type '(req: AuthRequest, res: Response) => Promise<void>' is not assignable to parameter of type 'RequestHandler<ParamsDictionary, any, any, ParsedQs, Record<string, any>>'.
src/app/modules/inventory/inventory.controller.ts(41,32): error TS2345: Argument of type '(req: AuthRequest, res: Response) => Promise<void>' is not assignable to parameter of type 'RequestHandler<ParamsDictionary, any, any, ParsedQs, Record<string, any>>'.
src/app/modules/inventory/inventory.controller.ts(61,33): error TS2345: Argument of type '(req: AuthRequest, res: Response) => Promise<void>' is not assignable to parameter of type 'RequestHandler<ParamsDictionary, any, any, ParsedQs, Record<string, any>>'.
src/app/modules/inventory/inventory.controller.ts(77,40): error TS2345: Argument of type '(req: AuthRequest, res: Response) => Promise<void>' is not assignable to parameter of type 'RequestHandler<ParamsDictionary, any, any, ParsedQs, Record<string, any>>'.
src/app/modules/inventory/inventory.controller.ts(94,37): error TS2345: Argument of type '(req: AuthRequest, res: Response) => Promise<void>' is not assignable to parameter of type 'RequestHandler<ParamsDictionary, any, any, ParsedQs, Record<string, any>>'.
src/app/modules/inventory/inventory.controller.ts(111,37): error TS2345: Argument of type '(req: AuthRequest, res: Response) => Promise<void>' is not assignable to parameter of type 'RequestHandler<ParamsDictionary, any, any, ParsedQs, Record<string, any>>'.
src/app/modules/inventory/inventory.controller.ts(126,33): error TS2345: Argument of type '(req: AuthRequest, res: Response) => Promise<void>' is not assignable to parameter of type 'RequestHandler<ParamsDictionary, any, any, ParsedQs, Record<string, any>>'.
src/app/modules/invoices/invoice.controller.ts(11,35): error TS2345: Argument of type '(req: AuthRequest, res: Response) => Promise<void>' is not assignable to parameter of type 'RequestHandler<ParamsDictionary, any, any, ParsedQs, Record<string, any>>'.
src/app/modules/invoices/invoice.controller.ts(28,35): error TS2345: Argument of type '(req: AuthRequest, res: Response) => Promise<void>' is not assignable to parameter of type 'RequestHandler<ParamsDictionary, any, any, ParsedQs, Record<string, any>>'.
src/app/modules/invoices/invoice.controller.ts(42,40): error TS2345: Argument of type '(req: AuthRequest, res: Response) => Promise<void>' is not assignable to parameter of type 'RequestHandler<ParamsDictionary, any, any, ParsedQs, Record<string, any>>'.
src/app/modules/invoices/invoice.controller.ts(56,34): error TS2345: Argument of type '(req: AuthRequest, res: Response) => Promise<void>' is not assignable to parameter of type 'RequestHandler<ParamsDictionary, any, any, ParsedQs, Record<string, any>>'.
src/app/modules/orders/order.controller.ts(16,33): error TS2345: Argument of type '(req: AuthRequest, res: Response) => Promise<void>' is not assignable to parameter of type 'RequestHandler<ParamsDictionary, any, any, ParsedQs, Record<string, any>>'.
src/app/modules/orders/order.controller.ts(34,33): error TS2345: Argument of type '(req: AuthRequest, res: Response) => Promise<void>' is not assignable to parameter of type 'RequestHandler<ParamsDictionary, any, any, ParsedQs, Record<string, any>>'.
src/app/modules/orders/order.controller.ts(48,32): error TS2345: Argument of type '(req: AuthRequest, res: Response) => Promise<void>' is not assignable to parameter of type 'RequestHandler<ParamsDictionary, any, any, ParsedQs, Record<string, any>>'.
src/app/modules/orders/order.controller.ts(66,38): error TS2345: Argument of type '(req: AuthRequest, res: Response) => Promise<void>' is not assignable to parameter of type 'RequestHandler<ParamsDictionary, any, any, ParsedQs, Record<string, any>>'.
src/app/modules/orders/order.controller.ts(81,32): error TS2345: Argument of type '(req: AuthRequest, res: Response) => Promise<void>' is not assignable to parameter of type 'RequestHandler<ParamsDictionary, any, any, ParsedQs, Record<string, any>>'.
src/app/modules/orders/order.controller.ts(95,38): error TS2345: Argument of type '(req: AuthRequest, res: Response) => Promise<void>' is not assignable to parameter of type 'RequestHandler<ParamsDictionary, any, any, ParsedQs, Record<string, any>>'.
src/app/modules/orders/order.controller.ts(112,41): error TS2345: Argument of type '(req: AuthRequest, res: Response) => Promise<void>' is not assignable to parameter of type 'RequestHandler<ParamsDictionary, any, any, ParsedQs, Record<string, any>>'.
src/app/modules/permissions/role.service.ts(2,61): error TS2307: Cannot find module './permissions' or its corresponding type declarations.
src/app/modules/reports/report.controller.ts(9,55): error TS2345: Argument of type '(req: AuthRequest, res: Response) => Promise<void>' is not assignable to parameter of type 'RequestHandler<ParamsDictionary, any, any, ParsedQs, Record<string, any>>'.
src/app/modules/reports/report.controller.ts(21,48): error TS2345: Argument of type '(req: AuthRequest, res: Response) => Promise<void>' is not assignable to parameter of type 'RequestHandler<ParamsDictionary, any, any, ParsedQs, Record<string, any>>'.
src/app/modules/reports/report.controller.ts(39,50): error TS2345: Argument of type '(req: AuthRequest, res: Response) => Promise<void>' is not assignable to parameter of type 'RequestHandler<ParamsDictionary, any, any, ParsedQs, Record<string, any>>'.
src/app/modules/reports/report.controller.ts(57,49): error TS2345: Argument of type '(req: AuthRequest, res: Response) => Promise<void>' is not assignable to parameter of type 'RequestHandler<ParamsDictionary, any, any, ParsedQs, Record<string, any>>'.
src/app/modules/reports/report.controller.ts(74,49): error TS2345: Argument of type '(req: AuthRequest, res: Response) => Promise<void>' is not assignable to parameter of type 'RequestHandler<ParamsDictionary, any, any, ParsedQs, Record<string, any>>'.
src/app/modules/stock-movements/stock-movement.controller.ts(12,33): error TS2345: Argument of type '(req: AuthRequest, res: Response) => Promise<void>' is not assignable to parameter of type 'RequestHandler<ParamsDictionary, any, any, ParsedQs, Record<string, any>>'.
src/app/modules/warehouse/warehouse.controller.ts(12,36): error TS2345: Argument of type '(req: AuthRequest, res: Response) => Promise<void>' is not assignable to parameter of type 'RequestHandler<ParamsDictionary, any, any, ParsedQs, Record<string, any>>'.
src/app/modules/warehouse/warehouse.controller.ts(29,34): error TS2345: Argument of type '(req: AuthRequest, res: Response) => Promise<void>' is not assignable to parameter of type 'RequestHandler<ParamsDictionary, any, any, ParsedQs, Record<string, any>>'.
src/app/modules/warehouse/warehouse.controller.ts(43,37): error TS2345: Argument of type '(req: AuthRequest, res: Response) => Promise<void>' is not assignable to parameter of type 'RequestHandler<ParamsDictionary, any, any, ParsedQs, Record<string, any>>'.
src/app/modules/warehouse/warehouse.controller.ts(60,36): error TS2345: Argument of type '(req: AuthRequest, res: Response) => Promise<void>' is not assignable to parameter of type 'RequestHandler<ParamsDictionary, any, any, ParsedQs, Record<string, any>>'.
src/app/modules/warehouse/warehouse.controller.ts(78,36): error TS2345: Argument of type '(req: AuthRequest, res: Response) => Promise<void>' is not assignable to parameter of type 'RequestHandler<ParamsDictionary, any, any, ParsedQs, Record<string, any>>'.
src/middleware/auth.ts(63,25): error TS2345: Argument of type '"USER" | "SUPER_ADMIN" | "MANAGER" | "ADMIN" | "CASHIER" | "ACCOUNTANT" | "WAREHOUSE_KEEPER"' is not assignable to parameter of type 'Role'.
